// Jest Snapshot v1, https://goo.gl/fbAQLP

exports[`Rendering Renders beginning page correctly 1`] = `
<main
  id="create-event"
>
  <h2>
    Create An Event
  </h2>
  <form
    onSubmit={[Function]}
  >
    <div
      className="input-group"
    >
      <label>
        Event Name
        <input
          name="eventName"
          type="text"
        />
      </label>
    </div>
    <div
      className="input-group"
    >
      <label>
        Course
        <input
          name="course"
          type="text"
        />
      </label>
    </div>
    <div
      className="input-group"
    >
      <label>
        Start Date
        <input
          min="2020-function getMonth() { [native code] }1-18"
          name="startDate"
          type="date"
        />
      </label>
    </div>
    <div
      className="input-group"
    >
      <label>
        End Date
        <input
          min="2020-function getMonth() { [native code] }1-18"
          name="endDate"
          type="date"
        />
      </label>
    </div>
    <h3>
      Players
    </h3>
    <ul />
    <div
      id="add-player-section"
    >
      <button
        id="add-player-btn"
        onClick={[Function]}
      >
        Add Player
      </button>
    </div>
    <input
      type="submit"
      value="Create"
    />
  </form>
</main>
`;
